// Jest Snapshot v1, https://goo.gl/fbAQLP

exports[`x image rendering 1`] = `
<div
  style={
    Object {
      "boxSizing": "border-box",
      "display": "inline-block",
      "margin": 0,
      "maxWidth": "100%",
      "overflow": "hidden",
      "position": "relative",
    }
  }
>
  <div
    style={
      Object {
        "boxSizing": "border-box",
        "display": "block",
        "maxWidth": "100%",
      }
    }
  >
    <img
      alt=""
      aria-hidden={true}
      src="data:image/svg+xml;base64,PHN2ZyB3aWR0aD0iMTAwIiBoZWlnaHQ9IjEwMCIgeG1sbnM9Imh0dHA6Ly93d3cudzMub3JnLzIwMDAvc3ZnIiB2ZXJzaW9uPSIxLjEiLz4="
      style={
        Object {
          "border": "none",
          "display": "block",
          "margin": 0,
          "maxWidth": "100%",
          "padding": 0,
        }
      }
    />
  </div>
  <img
    alt="board-2"
    data-nimg="intrinsic"
    decoding="async"
    draggable="false"
    id="board-2"
    src="/_next/image?url=%2Fboard.png&w=256&q=75"
    srcSet="/_next/image?url=%2Fboard.png&w=128&q=75 1x, /_next/image?url=%2Fboard.png&w=256&q=75 2x"
    style={
      Object {
        "border": "none",
        "bottom": 0,
        "boxSizing": "border-box",
        "display": "block",
        "height": 0,
        "left": 0,
        "margin": "auto",
        "maxHeight": "100%",
        "maxWidth": "100%",
        "minHeight": "100%",
        "minWidth": "100%",
        "objectFit": undefined,
        "objectPosition": undefined,
        "padding": 0,
        "position": "absolute",
        "right": 0,
        "top": 0,
        "width": 0,
      }
    }
  />
  <noscript>
    <img
      alt="board-2"
      data-nimg="intrinsic"
      decoding="async"
      draggable="false"
      id="board-2"
      loading="lazy"
      src="/_next/image?url=%2Fboard.png&w=256&q=75"
      srcSet="/_next/image?url=%2Fboard.png&w=128&q=75 1x, /_next/image?url=%2Fboard.png&w=256&q=75 2x"
      style={
        Object {
          "border": "none",
          "bottom": 0,
          "boxSizing": "border-box",
          "display": "block",
          "height": 0,
          "left": 0,
          "margin": "auto",
          "maxHeight": "100%",
          "maxWidth": "100%",
          "minHeight": "100%",
          "minWidth": "100%",
          "objectFit": undefined,
          "objectPosition": undefined,
          "padding": 0,
          "position": "absolute",
          "right": 0,
          "top": 0,
          "width": 0,
        }
      }
    />
  </noscript>
</div>
`;
